// Jest Snapshot v1, https://goo.gl/fbAQLP

exports[`App should match snapshot 1`] = `
ShallowWrapper {
  "length": 1,
  Symbol(enzyme.__root__): [Circular],
  Symbol(enzyme.__unrendered__): <App
    tweets={Array []}
    user={Object {}}
/>,
  Symbol(enzyme.__renderer__): Object {
    "batchedUpdates": [Function],
    "getNode": [Function],
    "render": [Function],
    "simulateEvent": [Function],
    "unmount": [Function],
  },
  Symbol(enzyme.__node__): Object {
    "instance": null,
    "key": undefined,
    "nodeType": "host",
    "props": Object {
      "children": Array [
        <header
          className="App-header"
>
          <h1
                    className="App-title"
          >
                    Gazetter
          </h1>
</header>,
        <div
          className="User"
>
          <button
                    onClick={[Function]}
          >
                    Sign in with 
                    <i
                              className="fab fa-twitter"
                    />
                     Twitter
          </button>
</div>,
        <Route
          component={[Function]}
          path="/news"
/>,
      ],
      "className": "App",
    },
    "ref": null,
    "rendered": Array [
      Object {
        "instance": null,
        "key": undefined,
        "nodeType": "host",
        "props": Object {
          "children": <h1
            className="App-title"
>
            Gazetter
</h1>,
          "className": "App-header",
        },
        "ref": null,
        "rendered": Object {
          "instance": null,
          "key": undefined,
          "nodeType": "host",
          "props": Object {
            "children": "Gazetter",
            "className": "App-title",
          },
          "ref": null,
          "rendered": "Gazetter",
          "type": "h1",
        },
        "type": "header",
      },
      Object {
        "instance": null,
        "key": undefined,
        "nodeType": "host",
        "props": Object {
          "children": Array [
            <button
              onClick={[Function]}
>
              Sign in with 
              <i
                            className="fab fa-twitter"
              />
               Twitter
</button>,
            null,
          ],
          "className": "User",
        },
        "ref": null,
        "rendered": Array [
          Object {
            "instance": null,
            "key": undefined,
            "nodeType": "host",
            "props": Object {
              "children": Array [
                "Sign in with ",
                <i
                  className="fab fa-twitter"
/>,
                " Twitter",
              ],
              "onClick": [Function],
            },
            "ref": null,
            "rendered": Array [
              "Sign in with ",
              Object {
                "instance": null,
                "key": undefined,
                "nodeType": "host",
                "props": Object {
                  "className": "fab fa-twitter",
                },
                "ref": null,
                "rendered": null,
                "type": "i",
              },
              " Twitter",
            ],
            "type": "button",
          },
          null,
        ],
        "type": "div",
      },
      Object {
        "instance": null,
        "key": undefined,
        "nodeType": "class",
        "props": Object {
          "component": [Function],
          "path": "/news",
        },
        "ref": null,
        "rendered": null,
        "type": [Function],
      },
    ],
    "type": "div",
  },
  Symbol(enzyme.__nodes__): Array [
    Object {
      "instance": null,
      "key": undefined,
      "nodeType": "host",
      "props": Object {
        "children": Array [
          <header
            className="App-header"
>
            <h1
                        className="App-title"
            >
                        Gazetter
            </h1>
</header>,
          <div
            className="User"
>
            <button
                        onClick={[Function]}
            >
                        Sign in with 
                        <i
                                    className="fab fa-twitter"
                        />
                         Twitter
            </button>
</div>,
          <Route
            component={[Function]}
            path="/news"
/>,
        ],
        "className": "App",
      },
      "ref": null,
      "rendered": Array [
        Object {
          "instance": null,
          "key": undefined,
          "nodeType": "host",
          "props": Object {
            "children": <h1
              className="App-title"
>
              Gazetter
</h1>,
            "className": "App-header",
          },
          "ref": null,
          "rendered": Object {
            "instance": null,
            "key": undefined,
            "nodeType": "host",
            "props": Object {
              "children": "Gazetter",
              "className": "App-title",
            },
            "ref": null,
            "rendered": "Gazetter",
            "type": "h1",
          },
          "type": "header",
        },
        Object {
          "instance": null,
          "key": undefined,
          "nodeType": "host",
          "props": Object {
            "children": Array [
              <button
                onClick={[Function]}
>
                Sign in with 
                <i
                                className="fab fa-twitter"
                />
                 Twitter
</button>,
              null,
            ],
            "className": "User",
          },
          "ref": null,
          "rendered": Array [
            Object {
              "instance": null,
              "key": undefined,
              "nodeType": "host",
              "props": Object {
                "children": Array [
                  "Sign in with ",
                  <i
                    className="fab fa-twitter"
/>,
                  " Twitter",
                ],
                "onClick": [Function],
              },
              "ref": null,
              "rendered": Array [
                "Sign in with ",
                Object {
                  "instance": null,
                  "key": undefined,
                  "nodeType": "host",
                  "props": Object {
                    "className": "fab fa-twitter",
                  },
                  "ref": null,
                  "rendered": null,
                  "type": "i",
                },
                " Twitter",
              ],
              "type": "button",
            },
            null,
          ],
          "type": "div",
        },
        Object {
          "instance": null,
          "key": undefined,
          "nodeType": "class",
          "props": Object {
            "component": [Function],
            "path": "/news",
          },
          "ref": null,
          "rendered": null,
          "type": [Function],
        },
      ],
      "type": "div",
    },
  ],
  Symbol(enzyme.__options__): Object {
    "adapter": ReactSixteenAdapter {
      "options": Object {
        "enableComponentDidUpdateOnSetState": true,
      },
    },
  },
}
`;
